<html>
<body>
<pre>
<h1>µVision Build Log</h1>
<h2>Tool Versions:</h2>
IDE-Version: ¦ÌVision V5.18.0.0
Copyright (C) 2016 ARM Ltd and ARM Germany GmbH. All rights reserved.
License Information: 1 1, 1, LIC=JDA0P-M9FRW-8Y3VV-PLFMB-M93MA-6YGDP
 
Tool Versions:
Toolchain:       MDK-ARM Professional  Version: 5.18
Toolchain Path:  D:\Keil_MDK\ARM\ARMCC\Bin
C Compiler:      Armcc.exe V5.06 update 1 (build 61)
Assembler:       Armasm.exe V5.06 update 1 (build 61)
Linker/Locator:  ArmLink.exe V5.06 update 1 (build 61)
Library Manager: ArmAr.exe V5.06 update 1 (build 61)
Hex Converter:   FromElf.exe V5.06 update 1 (build 61)
CPU DLL:         SARMCM3.DLL V5.18
Dialog DLL:      DCM.DLL V1.13.6.0
Target DLL:      CMSIS_AGDI.dll V1.25.7.0
Dialog DLL:      TCM.DLL V1.14.8.0
 
<h2>Project:</h2>
c:\Users\Admin\Desktop\STM32F103C8T6_BspTemplate1\Project\F103C8T6_BspTemplate\F103C8T6_BspTemplate.uvprojx
Project File Date:  08/12/2022

<h2>Output:</h2>
*** Using Compiler 'V5.06 update 1 (build 61)', folder: 'D:\Keil_MDK\ARM\ARMCC\Bin'
Rebuild target 'F103C8T6_BspTemplate'
assembling startup_stm32f10x_hd.s...
compiling core_cm3.c...
compiling stm32f10x_cec.c...
compiling stm32f10x_adc.c...
compiling misc.c...
compiling stm32f10x_crc.c...
compiling stm32f10x_bkp.c...
compiling system_stm32f10x.c...
compiling stm32f10x_dac.c...
compiling stm32f10x_dbgmcu.c...
compiling stm32f10x_can.c...
compiling stm32f10x_dma.c...
compiling stm32f10x_exti.c...
compiling stm32f10x_rtc.c...
compiling stm32f10x_fsmc.c...
compiling stm32f10x_gpio.c...
compiling stm32f10x_pwr.c...
compiling stm32f10x_sdio.c...
compiling stm32f10x_iwdg.c...
compiling stm32f10x_rcc.c...
compiling stm32f10x_i2c.c...
compiling stm32f10x_spi.c...
compiling stm32f10x_flash.c...
compiling stm32f10x_tim.c...
compiling stm32f10x_usart.c...
compiling stm32f10x_it.c...
compiling stm32f10x_wwdg.c...
compiling bsp_led.c...
compiling main.c...
compiling bsp_pwm.c...
compiling bsp_key.c...
compiling bsp_beep.c...
compiling bsp_usart.c...
..\..\User\usart\bsp_usart.c(3): warning:  #177-D: function "NVIC_USART1_Configuration" was declared but never referenced
  static void NVIC_USART1_Configuration(void)
..\..\User\usart\bsp_usart.c(19): warning:  #177-D: function "NVIC_USART2_Configuration" was declared but never referenced
  static void NVIC_USART2_Configuration(void)
..\..\User\usart\bsp_usart.c(35): warning:  #177-D: function "NVIC_USART3_Configuration" was declared but never referenced
  static void NVIC_USART3_Configuration(void)
..\..\User\usart\bsp_usart.c: 3 warnings, 0 errors
compiling bsp_PwmCapture_PulseWidth.c...
compiling bsp_ppm.c...
compiling bsp_delay.c...
compiling bsp_GpioRemap.c...
compiling bsp_motor.C...
linking...
Program Size: Code=12936 RO-data=336 RW-data=112 ZI-data=1024  
FromELF: creating hex file...
"..\..\Output\F103C8T6_BspTemplate.axf" - 0 Error(s), 3 Warning(s).

<h2>Collection of Component include folders:</h2>
  c:\Users\Admin\Desktop\STM32F103C8T6_BspTemplate1\Project\F103C8T6_BspTemplate\RTE
  D:\Keil_MDK\ARM\PACK\Keil\STM32F1xx_DFP\2.1.0\Device\Include

<h2>Collection of Component Files used:</h2>
Build Time Elapsed:  00:00:05
</pre>
</body>
</html>
