<html>
<body>
<pre>
<h1>µVision Build Log</h1>
<h2>Tool Versions:</h2>
IDE-Version: ¦ÌVision V5.28.0.0
Copyright (C) 2019 ARM Ltd and ARM Germany GmbH. All rights reserved.
License Information: 1 Lenovo, 1, LIC=47GU5-GQ7FP-FWH2N-Y0UV5-QC6LW-1NJ2M
 
Tool Versions:
Toolchain:       MDK-ARM Plus  Version: 5.28.0.0
Toolchain Path:  F:\Keil_v5\ARM\ARMCC\Bin
C Compiler:      Armcc.exe V5.06 update 6 (build 750)
Assembler:       Armasm.exe V5.06 update 6 (build 750)
Linker/Locator:  ArmLink.exe V5.06 update 6 (build 750)
Library Manager: ArmAr.exe V5.06 update 6 (build 750)
Hex Converter:   FromElf.exe V5.06 update 6 (build 750)
CPU DLL:         SARMCM3.DLL V5.28.0.0
Dialog DLL:      DCM.DLL V1.17.3.0
Target DLL:      STLink\ST-LINKIII-KEIL_SWO.dll V3.0.6.0
Dialog DLL:      TCM.DLL V1.36.2.0
 
<h2>Project:</h2>
C:\Users\Lenovo\Desktop\newproject_4.3 - ¸±±¾\Project\F103RCT6_BspTemplate\cancan_weden_newnew_stm32rct6.uvprojx
Project File Date:  10/13/2023

<h2>Output:</h2>
*** Using Compiler 'V5.06 update 6 (build 750)', folder: 'F:\Keil_v5\ARM\ARMCC\Bin'
*** Warning: You are compiling one or more files of source type C++ and have selected 'use MicroLIB'. MicroLIB does not support C++!
  
Rebuild target 'F103C8T6_BspTemplate'
assembling startup_stm32f10x_hd.s...
compiling core_cm3.c...
compiling system_stm32f10x.c...
compiling stm32f10x_cec.c...
compiling stm32f10x_adc.c...
compiling misc.c...
compiling stm32f10x_bkp.c...
compiling stm32f10x_dac.c...
compiling stm32f10x_dbgmcu.c...
compiling stm32f10x_can.c...
compiling stm32f10x_crc.c...
compiling stm32f10x_exti.c...
compiling stm32f10x_dma.c...
compiling stm32f10x_flash.c...
compiling stm32f10x_gpio.c...
compiling stm32f10x_fsmc.c...
compiling stm32f10x_i2c.c...
compiling stm32f10x_iwdg.c...
compiling stm32f10x_pwr.c...
compiling stm32f10x_rcc.c...
compiling stm32f10x_rtc.c...
compiling stm32f10x_sdio.c...
compiling stm32f10x_spi.c...
compiling stm32f10x_wwdg.c...
compiling stm32f10x_usart.c...
compiling stm32f10x_tim.c...
compiling main.c...
compiling stm32f10x_it.c...
compiling bsp_led.c...
compiling bsp_key.c...
compiling bsp_beep.c...
compiling bsp_GpioRemap.c...
compiling bsp_delay.c...
compiling bsp_pwm.c...
compiling bsp_usart.c...
compiling fifo.c...
compiling delay.c...
compiling board.c...
compiling bsp_motor.C...
compiling Emm_V5.c...
compiling bsp_adc.c...
compiling app.c...
compiling Serial_k210.cpp...
compiling servo.c...
compiling Serial.cpp...
compiling JY61P.c...
compiling HMI.c...
compiling Serial_k210.c...
compiling JY61P_Usart.c...
compiling Serial.c...
compiling communication_protocol.c...
..\..\User\jy901s\communication_protocol.c(65): warning:  #175-D: subscript out of range
  			fc_data.new_y_pos = (int32_t)(fc_recv_buff[12] + (fc_recv_buff[13]<<8) + (fc_recv_buff[14]<<16) + (fc_recv_buff[15]<<24));
..\..\User\jy901s\communication_protocol.c(65): warning:  #175-D: subscript out of range
  			fc_data.new_y_pos = (int32_t)(fc_recv_buff[12] + (fc_recv_buff[13]<<8) + (fc_recv_buff[14]<<16) + (fc_recv_buff[15]<<24));
..\..\User\jy901s\communication_protocol.c: 2 warnings, 0 errors
linking...
Program Size: Code=23892 RO-data=336 RW-data=240 ZI-data=1576  
FromELF: creating hex file...
"..\..\Output\F103RCT6_BspTemplate.axf" - 0 Error(s), 2 Warning(s).

<h2>Software Packages used:</h2>

Package Vendor: Keil
                http://www.keil.com/pack/Keil.STM32F1xx_DFP.2.2.0.pack
                Keil.STM32F1xx_DFP.2.2.0
                STMicroelectronics STM32F1 Series Device Support, Drivers and Examples

<h2>Collection of Component include folders:</h2>
  .\RTE\_F103C8T6_BspTemplate
  F:\Keil_v5\ARM\PACK\Keil\STM32F1xx_DFP\2.2.0\Device\Include

<h2>Collection of Component Files used:</h2>
Build Time Elapsed:  00:00:03
</pre>
</body>
</html>
